// Bun Snapshot v1, https://bun.sh/docs/test/snapshots

exports[`anthropic wire-fact golden (gates model registry #1) claude-fable-5 / default-effort 1`] = `
{
  "betas": [
    "claude-code-20250219",
    "oauth-2025-04-20",
    "interleaved-thinking-2025-05-14",
    "thinking-token-count-2026-05-13",
    "context-management-2025-06-27",
    "prompt-caching-scope-2026-01-05",
    "mid-conversation-system-2026-04-07",
    "advanced-tool-use-2025-11-20",
    "effort-2025-11-24",
    "extended-cache-ttl-2025-04-11",
  ],
  "contextManagement": {
    "edits": [
      {
        "keep": "all",
        "type": "clear_thinking_20251015",
      },
    ],
  },
  "hasSystem": false,
  "hasTools": true,
  "maxTokens": 64000,
  "model": "claude-fable-5",
  "outputConfig": {
    "effort": "high",
  },
  "runtimeVersion": "v26.3.0",
  "thinking": {
    "display": "summarized",
    "type": "adaptive",
  },
  "userAgent": "claude-cli/2.1.211 (external, cli)",
}
`;

exports[`anthropic wire-fact golden (gates model registry #1) claude-fable-5 / effort:low 1`] = `
{
  "betas": [
    "claude-code-20250219",
    "oauth-2025-04-20",
    "interleaved-thinking-2025-05-14",
    "thinking-token-count-2026-05-13",
    "context-management-2025-06-27",
    "prompt-caching-scope-2026-01-05",
    "mid-conversation-system-2026-04-07",
    "advanced-tool-use-2025-11-20",
    "effort-2025-11-24",
    "extended-cache-ttl-2025-04-11",
  ],
  "contextManagement": {
    "edits": [
      {
        "keep": "all",
        "type": "clear_thinking_20251015",
      },
    ],
  },
  "hasSystem": false,
  "hasTools": true,
  "maxTokens": 64000,
  "model": "claude-fable-5",
  "outputConfig": {
    "effort": "low",
  },
  "runtimeVersion": "v26.3.0",
  "thinking": {
    "display": "summarized",
    "type": "adaptive",
  },
  "userAgent": "claude-cli/2.1.211 (external, cli)",
}
`;

exports[`anthropic wire-fact golden (gates model registry #1) claude-fable-5 / effort:medium 1`] = `
{
  "betas": [
    "claude-code-20250219",
    "oauth-2025-04-20",
    "interleaved-thinking-2025-05-14",
    "thinking-token-count-2026-05-13",
    "context-management-2025-06-27",
    "prompt-caching-scope-2026-01-05",
    "mid-conversation-system-2026-04-07",
    "advanced-tool-use-2025-11-20",
    "effort-2025-11-24",
    "extended-cache-ttl-2025-04-11",
  ],
  "contextManagement": {
    "edits": [
      {
        "keep": "all",
        "type": "clear_thinking_20251015",
      },
    ],
  },
  "hasSystem": false,
  "hasTools": true,
  "maxTokens": 64000,
  "model": "claude-fable-5",
  "outputConfig": {
    "effort": "medium",
  },
  "runtimeVersion": "v26.3.0",
  "thinking": {
    "display": "summarized",
    "type": "adaptive",
  },
  "userAgent": "claude-cli/2.1.211 (external, cli)",
}
`;

exports[`anthropic wire-fact golden (gates model registry #1) claude-fable-5 / effort:high 1`] = `
{
  "betas": [
    "claude-code-20250219",
    "oauth-2025-04-20",
    "interleaved-thinking-2025-05-14",
    "thinking-token-count-2026-05-13",
    "context-management-2025-06-27",
    "prompt-caching-scope-2026-01-05",
    "mid-conversation-system-2026-04-07",
    "advanced-tool-use-2025-11-20",
    "effort-2025-11-24",
    "extended-cache-ttl-2025-04-11",
  ],
  "contextManagement": {
    "edits": [
      {
        "keep": "all",
        "type": "clear_thinking_20251015",
      },
    ],
  },
  "hasSystem": false,
  "hasTools": true,
  "maxTokens": 64000,
  "model": "claude-fable-5",
  "outputConfig": {
    "effort": "high",
  },
  "runtimeVersion": "v26.3.0",
  "thinking": {
    "display": "summarized",
    "type": "adaptive",
  },
  "userAgent": "claude-cli/2.1.211 (external, cli)",
}
`;

exports[`anthropic wire-fact golden (gates model registry #1) claude-fable-5 / effort:xhigh 1`] = `
{
  "betas": [
    "claude-code-20250219",
    "oauth-2025-04-20",
    "interleaved-thinking-2025-05-14",
    "thinking-token-count-2026-05-13",
    "context-management-2025-06-27",
    "prompt-caching-scope-2026-01-05",
    "mid-conversation-system-2026-04-07",
    "advanced-tool-use-2025-11-20",
    "effort-2025-11-24",
    "extended-cache-ttl-2025-04-11",
  ],
  "contextManagement": {
    "edits": [
      {
        "keep": "all",
        "type": "clear_thinking_20251015",
      },
    ],
  },
  "hasSystem": false,
  "hasTools": true,
  "maxTokens": 64000,
  "model": "claude-fable-5",
  "outputConfig": {
    "effort": "xhigh",
  },
  "runtimeVersion": "v26.3.0",
  "thinking": {
    "display": "summarized",
    "type": "adaptive",
  },
  "userAgent": "claude-cli/2.1.211 (external, cli)",
}
`;

exports[`anthropic wire-fact golden (gates model registry #1) claude-fable-5 / effort:max 1`] = `
{
  "betas": [
    "claude-code-20250219",
    "oauth-2025-04-20",
    "interleaved-thinking-2025-05-14",
    "thinking-token-count-2026-05-13",
    "context-management-2025-06-27",
    "prompt-caching-scope-2026-01-05",
    "mid-conversation-system-2026-04-07",
    "advanced-tool-use-2025-11-20",
    "effort-2025-11-24",
    "extended-cache-ttl-2025-04-11",
  ],
  "contextManagement": {
    "edits": [
      {
        "keep": "all",
        "type": "clear_thinking_20251015",
      },
    ],
  },
  "hasSystem": false,
  "hasTools": true,
  "maxTokens": 64000,
  "model": "claude-fable-5",
  "outputConfig": {
    "effort": "max",
  },
  "runtimeVersion": "v26.3.0",
  "thinking": {
    "display": "summarized",
    "type": "adaptive",
  },
  "userAgent": "claude-cli/2.1.211 (external, cli)",
}
`;

exports[`anthropic wire-fact golden (gates model registry #1) claude-opus-4-8 / default-effort 1`] = `
{
  "betas": [
    "claude-code-20250219",
    "oauth-2025-04-20",
    "interleaved-thinking-2025-05-14",
    "thinking-token-count-2026-05-13",
    "context-management-2025-06-27",
    "prompt-caching-scope-2026-01-05",
    "mid-conversation-system-2026-04-07",
    "advanced-tool-use-2025-11-20",
    "effort-2025-11-24",
    "extended-cache-ttl-2025-04-11",
  ],
  "contextManagement": {
    "edits": [
      {
        "keep": "all",
        "type": "clear_thinking_20251015",
      },
    ],
  },
  "hasSystem": false,
  "hasTools": true,
  "maxTokens": 64000,
  "model": "claude-opus-4-8",
  "outputConfig": {
    "effort": "xhigh",
  },
  "runtimeVersion": "v26.3.0",
  "thinking": {
    "display": "summarized",
    "type": "adaptive",
  },
  "userAgent": "claude-cli/2.1.211 (external, cli)",
}
`;

exports[`anthropic wire-fact golden (gates model registry #1) claude-opus-4-8 / effort:low 1`] = `
{
  "betas": [
    "claude-code-20250219",
    "oauth-2025-04-20",
    "interleaved-thinking-2025-05-14",
    "thinking-token-count-2026-05-13",
    "context-management-2025-06-27",
    "prompt-caching-scope-2026-01-05",
    "mid-conversation-system-2026-04-07",
    "advanced-tool-use-2025-11-20",
    "effort-2025-11-24",
    "extended-cache-ttl-2025-04-11",
  ],
  "contextManagement": {
    "edits": [
      {
        "keep": "all",
        "type": "clear_thinking_20251015",
      },
    ],
  },
  "hasSystem": false,
  "hasTools": true,
  "maxTokens": 64000,
  "model": "claude-opus-4-8",
  "outputConfig": {
    "effort": "low",
  },
  "runtimeVersion": "v26.3.0",
  "thinking": {
    "display": "summarized",
    "type": "adaptive",
  },
  "userAgent": "claude-cli/2.1.211 (external, cli)",
}
`;

exports[`anthropic wire-fact golden (gates model registry #1) claude-opus-4-8 / effort:medium 1`] = `
{
  "betas": [
    "claude-code-20250219",
    "oauth-2025-04-20",
    "interleaved-thinking-2025-05-14",
    "thinking-token-count-2026-05-13",
    "context-management-2025-06-27",
    "prompt-caching-scope-2026-01-05",
    "mid-conversation-system-2026-04-07",
    "advanced-tool-use-2025-11-20",
    "effort-2025-11-24",
    "extended-cache-ttl-2025-04-11",
  ],
  "contextManagement": {
    "edits": [
      {
        "keep": "all",
        "type": "clear_thinking_20251015",
      },
    ],
  },
  "hasSystem": false,
  "hasTools": true,
  "maxTokens": 64000,
  "model": "claude-opus-4-8",
  "outputConfig": {
    "effort": "medium",
  },
  "runtimeVersion": "v26.3.0",
  "thinking": {
    "display": "summarized",
    "type": "adaptive",
  },
  "userAgent": "claude-cli/2.1.211 (external, cli)",
}
`;

exports[`anthropic wire-fact golden (gates model registry #1) claude-opus-4-8 / effort:high 1`] = `
{
  "betas": [
    "claude-code-20250219",
    "oauth-2025-04-20",
    "interleaved-thinking-2025-05-14",
    "thinking-token-count-2026-05-13",
    "context-management-2025-06-27",
    "prompt-caching-scope-2026-01-05",
    "mid-conversation-system-2026-04-07",
    "advanced-tool-use-2025-11-20",
    "effort-2025-11-24",
    "extended-cache-ttl-2025-04-11",
  ],
  "contextManagement": {
    "edits": [
      {
        "keep": "all",
        "type": "clear_thinking_20251015",
      },
    ],
  },
  "hasSystem": false,
  "hasTools": true,
  "maxTokens": 64000,
  "model": "claude-opus-4-8",
  "outputConfig": {
    "effort": "high",
  },
  "runtimeVersion": "v26.3.0",
  "thinking": {
    "display": "summarized",
    "type": "adaptive",
  },
  "userAgent": "claude-cli/2.1.211 (external, cli)",
}
`;

exports[`anthropic wire-fact golden (gates model registry #1) claude-opus-4-8 / effort:xhigh 1`] = `
{
  "betas": [
    "claude-code-20250219",
    "oauth-2025-04-20",
    "interleaved-thinking-2025-05-14",
    "thinking-token-count-2026-05-13",
    "context-management-2025-06-27",
    "prompt-caching-scope-2026-01-05",
    "mid-conversation-system-2026-04-07",
    "advanced-tool-use-2025-11-20",
    "effort-2025-11-24",
    "extended-cache-ttl-2025-04-11",
  ],
  "contextManagement": {
    "edits": [
      {
        "keep": "all",
        "type": "clear_thinking_20251015",
      },
    ],
  },
  "hasSystem": false,
  "hasTools": true,
  "maxTokens": 64000,
  "model": "claude-opus-4-8",
  "outputConfig": {
    "effort": "xhigh",
  },
  "runtimeVersion": "v26.3.0",
  "thinking": {
    "display": "summarized",
    "type": "adaptive",
  },
  "userAgent": "claude-cli/2.1.211 (external, cli)",
}
`;

exports[`anthropic wire-fact golden (gates model registry #1) claude-opus-4-8 / effort:max 1`] = `
{
  "betas": [
    "claude-code-20250219",
    "oauth-2025-04-20",
    "interleaved-thinking-2025-05-14",
    "thinking-token-count-2026-05-13",
    "context-management-2025-06-27",
    "prompt-caching-scope-2026-01-05",
    "mid-conversation-system-2026-04-07",
    "advanced-tool-use-2025-11-20",
    "effort-2025-11-24",
    "extended-cache-ttl-2025-04-11",
  ],
  "contextManagement": {
    "edits": [
      {
        "keep": "all",
        "type": "clear_thinking_20251015",
      },
    ],
  },
  "hasSystem": false,
  "hasTools": true,
  "maxTokens": 64000,
  "model": "claude-opus-4-8",
  "outputConfig": {
    "effort": "max",
  },
  "runtimeVersion": "v26.3.0",
  "thinking": {
    "display": "summarized",
    "type": "adaptive",
  },
  "userAgent": "claude-cli/2.1.211 (external, cli)",
}
`;

exports[`anthropic wire-fact golden (gates model registry #1) claude-opus-4-8[1m] / default-effort 1`] = `
{
  "betas": [
    "claude-code-20250219",
    "oauth-2025-04-20",
    "context-1m-2025-08-07",
    "interleaved-thinking-2025-05-14",
    "thinking-token-count-2026-05-13",
    "context-management-2025-06-27",
    "prompt-caching-scope-2026-01-05",
    "mid-conversation-system-2026-04-07",
    "advanced-tool-use-2025-11-20",
    "effort-2025-11-24",
    "extended-cache-ttl-2025-04-11",
  ],
  "contextManagement": {
    "edits": [
      {
        "keep": "all",
        "type": "clear_thinking_20251015",
      },
    ],
  },
  "hasSystem": false,
  "hasTools": true,
  "maxTokens": 64000,
  "model": "claude-opus-4-8",
  "outputConfig": {
    "effort": "xhigh",
  },
  "runtimeVersion": "v26.3.0",
  "thinking": {
    "display": "summarized",
    "type": "adaptive",
  },
  "userAgent": "claude-cli/2.1.211 (external, cli)",
}
`;

exports[`anthropic wire-fact golden (gates model registry #1) claude-opus-4-7 / default-effort 1`] = `
{
  "betas": [
    "claude-code-20250219",
    "oauth-2025-04-20",
    "interleaved-thinking-2025-05-14",
    "thinking-token-count-2026-05-13",
    "context-management-2025-06-27",
    "prompt-caching-scope-2026-01-05",
    "advanced-tool-use-2025-11-20",
    "effort-2025-11-24",
    "extended-cache-ttl-2025-04-11",
  ],
  "contextManagement": {
    "edits": [
      {
        "keep": "all",
        "type": "clear_thinking_20251015",
      },
    ],
  },
  "hasSystem": false,
  "hasTools": true,
  "maxTokens": 64000,
  "model": "claude-opus-4-7",
  "outputConfig": {
    "effort": "xhigh",
  },
  "runtimeVersion": "v26.3.0",
  "thinking": {
    "display": "summarized",
    "type": "adaptive",
  },
  "userAgent": "claude-cli/2.1.211 (external, cli)",
}
`;

exports[`anthropic wire-fact golden (gates model registry #1) claude-opus-4-7 / effort:low 1`] = `
{
  "betas": [
    "claude-code-20250219",
    "oauth-2025-04-20",
    "interleaved-thinking-2025-05-14",
    "thinking-token-count-2026-05-13",
    "context-management-2025-06-27",
    "prompt-caching-scope-2026-01-05",
    "advanced-tool-use-2025-11-20",
    "effort-2025-11-24",
    "extended-cache-ttl-2025-04-11",
  ],
  "contextManagement": {
    "edits": [
      {
        "keep": "all",
        "type": "clear_thinking_20251015",
      },
    ],
  },
  "hasSystem": false,
  "hasTools": true,
  "maxTokens": 64000,
  "model": "claude-opus-4-7",
  "outputConfig": {
    "effort": "low",
  },
  "runtimeVersion": "v26.3.0",
  "thinking": {
    "display": "summarized",
    "type": "adaptive",
  },
  "userAgent": "claude-cli/2.1.211 (external, cli)",
}
`;

exports[`anthropic wire-fact golden (gates model registry #1) claude-opus-4-7 / effort:medium 1`] = `
{
  "betas": [
    "claude-code-20250219",
    "oauth-2025-04-20",
    "interleaved-thinking-2025-05-14",
    "thinking-token-count-2026-05-13",
    "context-management-2025-06-27",
    "prompt-caching-scope-2026-01-05",
    "advanced-tool-use-2025-11-20",
    "effort-2025-11-24",
    "extended-cache-ttl-2025-04-11",
  ],
  "contextManagement": {
    "edits": [
      {
        "keep": "all",
        "type": "clear_thinking_20251015",
      },
    ],
  },
  "hasSystem": false,
  "hasTools": true,
  "maxTokens": 64000,
  "model": "claude-opus-4-7",
  "outputConfig": {
    "effort": "medium",
  },
  "runtimeVersion": "v26.3.0",
  "thinking": {
    "display": "summarized",
    "type": "adaptive",
  },
  "userAgent": "claude-cli/2.1.211 (external, cli)",
}
`;

exports[`anthropic wire-fact golden (gates model registry #1) claude-opus-4-7 / effort:high 1`] = `
{
  "betas": [
    "claude-code-20250219",
    "oauth-2025-04-20",
    "interleaved-thinking-2025-05-14",
    "thinking-token-count-2026-05-13",
    "context-management-2025-06-27",
    "prompt-caching-scope-2026-01-05",
    "advanced-tool-use-2025-11-20",
    "effort-2025-11-24",
    "extended-cache-ttl-2025-04-11",
  ],
  "contextManagement": {
    "edits": [
      {
        "keep": "all",
        "type": "clear_thinking_20251015",
      },
    ],
  },
  "hasSystem": false,
  "hasTools": true,
  "maxTokens": 64000,
  "model": "claude-opus-4-7",
  "outputConfig": {
    "effort": "high",
  },
  "runtimeVersion": "v26.3.0",
  "thinking": {
    "display": "summarized",
    "type": "adaptive",
  },
  "userAgent": "claude-cli/2.1.211 (external, cli)",
}
`;

exports[`anthropic wire-fact golden (gates model registry #1) claude-opus-4-7 / effort:xhigh 1`] = `
{
  "betas": [
    "claude-code-20250219",
    "oauth-2025-04-20",
    "interleaved-thinking-2025-05-14",
    "thinking-token-count-2026-05-13",
    "context-management-2025-06-27",
    "prompt-caching-scope-2026-01-05",
    "advanced-tool-use-2025-11-20",
    "effort-2025-11-24",
    "extended-cache-ttl-2025-04-11",
  ],
  "contextManagement": {
    "edits": [
      {
        "keep": "all",
        "type": "clear_thinking_20251015",
      },
    ],
  },
  "hasSystem": false,
  "hasTools": true,
  "maxTokens": 64000,
  "model": "claude-opus-4-7",
  "outputConfig": {
    "effort": "xhigh",
  },
  "runtimeVersion": "v26.3.0",
  "thinking": {
    "display": "summarized",
    "type": "adaptive",
  },
  "userAgent": "claude-cli/2.1.211 (external, cli)",
}
`;

exports[`anthropic wire-fact golden (gates model registry #1) claude-opus-4-7 / effort:max 1`] = `
{
  "betas": [
    "claude-code-20250219",
    "oauth-2025-04-20",
    "interleaved-thinking-2025-05-14",
    "thinking-token-count-2026-05-13",
    "context-management-2025-06-27",
    "prompt-caching-scope-2026-01-05",
    "advanced-tool-use-2025-11-20",
    "effort-2025-11-24",
    "extended-cache-ttl-2025-04-11",
  ],
  "contextManagement": {
    "edits": [
      {
        "keep": "all",
        "type": "clear_thinking_20251015",
      },
    ],
  },
  "hasSystem": false,
  "hasTools": true,
  "maxTokens": 64000,
  "model": "claude-opus-4-7",
  "outputConfig": {
    "effort": "max",
  },
  "runtimeVersion": "v26.3.0",
  "thinking": {
    "display": "summarized",
    "type": "adaptive",
  },
  "userAgent": "claude-cli/2.1.211 (external, cli)",
}
`;

exports[`anthropic wire-fact golden (gates model registry #1) claude-sonnet-5 / default-effort 1`] = `
{
  "betas": [
    "claude-code-20250219",
    "oauth-2025-04-20",
    "interleaved-thinking-2025-05-14",
    "thinking-token-count-2026-05-13",
    "context-management-2025-06-27",
    "prompt-caching-scope-2026-01-05",
    "mid-conversation-system-2026-04-07",
    "advanced-tool-use-2025-11-20",
    "effort-2025-11-24",
    "extended-cache-ttl-2025-04-11",
  ],
  "contextManagement": {
    "edits": [
      {
        "keep": "all",
        "type": "clear_thinking_20251015",
      },
    ],
  },
  "hasSystem": false,
  "hasTools": true,
  "maxTokens": 64000,
  "model": "claude-sonnet-5",
  "outputConfig": {
    "effort": "high",
  },
  "runtimeVersion": "v26.3.0",
  "thinking": {
    "display": "summarized",
    "type": "adaptive",
  },
  "userAgent": "claude-cli/2.1.211 (external, cli)",
}
`;

exports[`anthropic wire-fact golden (gates model registry #1) claude-sonnet-5 / effort:low 1`] = `
{
  "betas": [
    "claude-code-20250219",
    "oauth-2025-04-20",
    "interleaved-thinking-2025-05-14",
    "thinking-token-count-2026-05-13",
    "context-management-2025-06-27",
    "prompt-caching-scope-2026-01-05",
    "mid-conversation-system-2026-04-07",
    "advanced-tool-use-2025-11-20",
    "effort-2025-11-24",
    "extended-cache-ttl-2025-04-11",
  ],
  "contextManagement": {
    "edits": [
      {
        "keep": "all",
        "type": "clear_thinking_20251015",
      },
    ],
  },
  "hasSystem": false,
  "hasTools": true,
  "maxTokens": 64000,
  "model": "claude-sonnet-5",
  "outputConfig": {
    "effort": "low",
  },
  "runtimeVersion": "v26.3.0",
  "thinking": {
    "display": "summarized",
    "type": "adaptive",
  },
  "userAgent": "claude-cli/2.1.211 (external, cli)",
}
`;

exports[`anthropic wire-fact golden (gates model registry #1) claude-sonnet-5 / effort:medium 1`] = `
{
  "betas": [
    "claude-code-20250219",
    "oauth-2025-04-20",
    "interleaved-thinking-2025-05-14",
    "thinking-token-count-2026-05-13",
    "context-management-2025-06-27",
    "prompt-caching-scope-2026-01-05",
    "mid-conversation-system-2026-04-07",
    "advanced-tool-use-2025-11-20",
    "effort-2025-11-24",
    "extended-cache-ttl-2025-04-11",
  ],
  "contextManagement": {
    "edits": [
      {
        "keep": "all",
        "type": "clear_thinking_20251015",
      },
    ],
  },
  "hasSystem": false,
  "hasTools": true,
  "maxTokens": 64000,
  "model": "claude-sonnet-5",
  "outputConfig": {
    "effort": "medium",
  },
  "runtimeVersion": "v26.3.0",
  "thinking": {
    "display": "summarized",
    "type": "adaptive",
  },
  "userAgent": "claude-cli/2.1.211 (external, cli)",
}
`;

exports[`anthropic wire-fact golden (gates model registry #1) claude-sonnet-5 / effort:high 1`] = `
{
  "betas": [
    "claude-code-20250219",
    "oauth-2025-04-20",
    "interleaved-thinking-2025-05-14",
    "thinking-token-count-2026-05-13",
    "context-management-2025-06-27",
    "prompt-caching-scope-2026-01-05",
    "mid-conversation-system-2026-04-07",
    "advanced-tool-use-2025-11-20",
    "effort-2025-11-24",
    "extended-cache-ttl-2025-04-11",
  ],
  "contextManagement": {
    "edits": [
      {
        "keep": "all",
        "type": "clear_thinking_20251015",
      },
    ],
  },
  "hasSystem": false,
  "hasTools": true,
  "maxTokens": 64000,
  "model": "claude-sonnet-5",
  "outputConfig": {
    "effort": "high",
  },
  "runtimeVersion": "v26.3.0",
  "thinking": {
    "display": "summarized",
    "type": "adaptive",
  },
  "userAgent": "claude-cli/2.1.211 (external, cli)",
}
`;

exports[`anthropic wire-fact golden (gates model registry #1) claude-sonnet-5 / effort:xhigh 1`] = `
{
  "betas": [
    "claude-code-20250219",
    "oauth-2025-04-20",
    "interleaved-thinking-2025-05-14",
    "thinking-token-count-2026-05-13",
    "context-management-2025-06-27",
    "prompt-caching-scope-2026-01-05",
    "mid-conversation-system-2026-04-07",
    "advanced-tool-use-2025-11-20",
    "effort-2025-11-24",
    "extended-cache-ttl-2025-04-11",
  ],
  "contextManagement": {
    "edits": [
      {
        "keep": "all",
        "type": "clear_thinking_20251015",
      },
    ],
  },
  "hasSystem": false,
  "hasTools": true,
  "maxTokens": 64000,
  "model": "claude-sonnet-5",
  "outputConfig": {
    "effort": "xhigh",
  },
  "runtimeVersion": "v26.3.0",
  "thinking": {
    "display": "summarized",
    "type": "adaptive",
  },
  "userAgent": "claude-cli/2.1.211 (external, cli)",
}
`;

exports[`anthropic wire-fact golden (gates model registry #1) claude-sonnet-5 / effort:max 1`] = `
{
  "betas": [
    "claude-code-20250219",
    "oauth-2025-04-20",
    "interleaved-thinking-2025-05-14",
    "thinking-token-count-2026-05-13",
    "context-management-2025-06-27",
    "prompt-caching-scope-2026-01-05",
    "mid-conversation-system-2026-04-07",
    "advanced-tool-use-2025-11-20",
    "effort-2025-11-24",
    "extended-cache-ttl-2025-04-11",
  ],
  "contextManagement": {
    "edits": [
      {
        "keep": "all",
        "type": "clear_thinking_20251015",
      },
    ],
  },
  "hasSystem": false,
  "hasTools": true,
  "maxTokens": 64000,
  "model": "claude-sonnet-5",
  "outputConfig": {
    "effort": "max",
  },
  "runtimeVersion": "v26.3.0",
  "thinking": {
    "display": "summarized",
    "type": "adaptive",
  },
  "userAgent": "claude-cli/2.1.211 (external, cli)",
}
`;

exports[`anthropic wire-fact golden (gates model registry #1) claude-haiku-4-5 / default-effort 1`] = `
{
  "betas": [
    "oauth-2025-04-20",
    "interleaved-thinking-2025-05-14",
    "thinking-token-count-2026-05-13",
    "context-management-2025-06-27",
    "prompt-caching-scope-2026-01-05",
    "claude-code-20250219",
    "advanced-tool-use-2025-11-20",
    "extended-cache-ttl-2025-04-11",
  ],
  "contextManagement": {
    "edits": [
      {
        "keep": "all",
        "type": "clear_thinking_20251015",
      },
    ],
  },
  "hasSystem": false,
  "hasTools": true,
  "maxTokens": 32000,
  "model": "claude-haiku-4-5-20251001",
  "outputConfig": null,
  "runtimeVersion": "v26.3.0",
  "thinking": {
    "budget_tokens": 31999,
    "display": "summarized",
    "type": "enabled",
  },
  "userAgent": "claude-cli/2.1.211 (external, cli)",
}
`;

exports[`anthropic wire-fact golden (gates model registry #1) claude-fable-5 / non-agentic side query 1`] = `
{
  "betas": [
    "claude-code-20250219",
    "oauth-2025-04-20",
    "interleaved-thinking-2025-05-14",
    "thinking-token-count-2026-05-13",
    "context-management-2025-06-27",
    "prompt-caching-scope-2026-01-05",
    "mid-conversation-system-2026-04-07",
  ],
  "contextManagement": {
    "edits": [
      {
        "keep": "all",
        "type": "clear_thinking_20251015",
      },
    ],
  },
  "hasSystem": false,
  "hasTools": true,
  "maxTokens": 64000,
  "model": "claude-fable-5",
  "outputConfig": {
    "effort": "high",
  },
  "runtimeVersion": "v26.3.0",
  "thinking": {
    "display": "summarized",
    "type": "adaptive",
  },
  "userAgent": "claude-cli/2.1.211 (external, cli)",
}
`;

exports[`anthropic wire-fact golden (gates model registry #1) claude-opus-4-8 / non-agentic side query 1`] = `
{
  "betas": [
    "claude-code-20250219",
    "oauth-2025-04-20",
    "interleaved-thinking-2025-05-14",
    "thinking-token-count-2026-05-13",
    "context-management-2025-06-27",
    "prompt-caching-scope-2026-01-05",
    "mid-conversation-system-2026-04-07",
  ],
  "contextManagement": {
    "edits": [
      {
        "keep": "all",
        "type": "clear_thinking_20251015",
      },
    ],
  },
  "hasSystem": false,
  "hasTools": true,
  "maxTokens": 64000,
  "model": "claude-opus-4-8",
  "outputConfig": {
    "effort": "xhigh",
  },
  "runtimeVersion": "v26.3.0",
  "thinking": {
    "display": "summarized",
    "type": "adaptive",
  },
  "userAgent": "claude-cli/2.1.211 (external, cli)",
}
`;

exports[`anthropic wire-fact golden (gates model registry #1) claude-opus-4-7 / non-agentic side query 1`] = `
{
  "betas": [
    "claude-code-20250219",
    "oauth-2025-04-20",
    "interleaved-thinking-2025-05-14",
    "thinking-token-count-2026-05-13",
    "context-management-2025-06-27",
    "prompt-caching-scope-2026-01-05",
  ],
  "contextManagement": {
    "edits": [
      {
        "keep": "all",
        "type": "clear_thinking_20251015",
      },
    ],
  },
  "hasSystem": false,
  "hasTools": true,
  "maxTokens": 64000,
  "model": "claude-opus-4-7",
  "outputConfig": {
    "effort": "xhigh",
  },
  "runtimeVersion": "v26.3.0",
  "thinking": {
    "display": "summarized",
    "type": "adaptive",
  },
  "userAgent": "claude-cli/2.1.211 (external, cli)",
}
`;

exports[`anthropic wire-fact golden (gates model registry #1) claude-sonnet-5 / non-agentic side query 1`] = `
{
  "betas": [
    "claude-code-20250219",
    "oauth-2025-04-20",
    "interleaved-thinking-2025-05-14",
    "thinking-token-count-2026-05-13",
    "context-management-2025-06-27",
    "prompt-caching-scope-2026-01-05",
    "mid-conversation-system-2026-04-07",
  ],
  "contextManagement": {
    "edits": [
      {
        "keep": "all",
        "type": "clear_thinking_20251015",
      },
    ],
  },
  "hasSystem": false,
  "hasTools": true,
  "maxTokens": 64000,
  "model": "claude-sonnet-5",
  "outputConfig": {
    "effort": "high",
  },
  "runtimeVersion": "v26.3.0",
  "thinking": {
    "display": "summarized",
    "type": "adaptive",
  },
  "userAgent": "claude-cli/2.1.211 (external, cli)",
}
`;

exports[`anthropic wire-fact golden (gates model registry #1) claude-haiku-4-5 / non-agentic side query 1`] = `
{
  "betas": [
    "oauth-2025-04-20",
    "interleaved-thinking-2025-05-14",
    "thinking-token-count-2026-05-13",
    "context-management-2025-06-27",
    "prompt-caching-scope-2026-01-05",
  ],
  "contextManagement": null,
  "hasSystem": false,
  "hasTools": true,
  "maxTokens": 32000,
  "model": "claude-haiku-4-5-20251001",
  "outputConfig": {},
  "runtimeVersion": "v26.3.0",
  "thinking": null,
  "userAgent": "claude-cli/2.1.211 (external, cli)",
}
`;

exports[`anthropic wire-fact golden (gates model registry #1) haiku / title (non-agentic, structured) 1`] = `
{
  "betas": [
    "oauth-2025-04-20",
    "interleaved-thinking-2025-05-14",
    "thinking-token-count-2026-05-13",
    "context-management-2025-06-27",
    "prompt-caching-scope-2026-01-05",
    "structured-outputs-2025-12-15",
  ],
  "contextManagement": null,
  "hasSystem": false,
  "hasTools": true,
  "maxTokens": 32000,
  "model": "claude-haiku-4-5-20251001",
  "outputConfig": {
    "format": {
      "schema": {
        "additionalProperties": false,
        "properties": {
          "title": {
            "type": "string",
          },
        },
        "required": [
          "title",
        ],
        "type": "object",
      },
      "type": "json_schema",
    },
  },
  "runtimeVersion": "v26.3.0",
  "thinking": {
    "type": "disabled",
  },
  "userAgent": "claude-cli/2.1.211 (external, cli)",
}
`;

exports[`anthropic wire-fact golden (gates model registry #1) haiku / memory recall (non-agentic, extended cache) 1`] = `
{
  "betas": [
    "oauth-2025-04-20",
    "interleaved-thinking-2025-05-14",
    "thinking-token-count-2026-05-13",
    "context-management-2025-06-27",
    "prompt-caching-scope-2026-01-05",
    "structured-outputs-2025-12-15",
    "extended-cache-ttl-2025-04-11",
  ],
  "contextManagement": null,
  "hasSystem": false,
  "hasTools": true,
  "maxTokens": 256,
  "model": "claude-haiku-4-5-20251001",
  "outputConfig": {
    "format": {
      "schema": {
        "additionalProperties": false,
        "properties": {
          "selected_memories": {
            "items": {
              "type": "string",
            },
            "type": "array",
          },
        },
        "required": [
          "selected_memories",
        ],
        "type": "object",
      },
      "type": "json_schema",
    },
  },
  "runtimeVersion": "v26.3.0",
  "thinking": {
    "type": "disabled",
  },
  "userAgent": "claude-cli/2.1.211 (external, cli)",
}
`;

exports[`anthropic wire-fact golden (gates model registry #1) opus / sub-agent (suppressThinkingSummary → bare adaptive, no display) 1`] = `
{
  "betas": [
    "claude-code-20250219",
    "oauth-2025-04-20",
    "interleaved-thinking-2025-05-14",
    "thinking-token-count-2026-05-13",
    "context-management-2025-06-27",
    "prompt-caching-scope-2026-01-05",
    "mid-conversation-system-2026-04-07",
    "advanced-tool-use-2025-11-20",
    "effort-2025-11-24",
  ],
  "contextManagement": {
    "edits": [
      {
        "keep": "all",
        "type": "clear_thinking_20251015",
      },
    ],
  },
  "hasSystem": false,
  "hasTools": true,
  "maxTokens": 64000,
  "model": "claude-opus-4-8",
  "outputConfig": {
    "effort": "xhigh",
  },
  "runtimeVersion": "v26.3.0",
  "thinking": {
    "type": "adaptive",
  },
  "userAgent": "claude-cli/2.1.211 (external, cli)",
}
`;

exports[`anthropic wire-fact golden (gates model registry #1) haiku / nested agent 1`] = `
{
  "betas": [
    "oauth-2025-04-20",
    "interleaved-thinking-2025-05-14",
    "thinking-token-count-2026-05-13",
    "context-management-2025-06-27",
    "prompt-caching-scope-2026-01-05",
    "claude-code-20250219",
    "advanced-tool-use-2025-11-20",
  ],
  "contextManagement": {
    "edits": [
      {
        "keep": "all",
        "type": "clear_thinking_20251015",
      },
    ],
  },
  "hasSystem": false,
  "hasTools": true,
  "maxTokens": 32000,
  "model": "claude-haiku-4-5-20251001",
  "outputConfig": null,
  "runtimeVersion": "v26.3.0",
  "thinking": {
    "budget_tokens": 31999,
    "display": "summarized",
    "type": "enabled",
  },
  "userAgent": "claude-cli/2.1.211 (external, cli)",
}
`;
